
Running 351 tests using 2 workers

[1A[2K[1/351] [chromium] ΓÇ║ tests\auth\login-empty-fields.spec.ts:7:7 ΓÇ║ Authentication & Login ΓÇ║ Login with empty fields
[1A[2K[2/351] [chromium] ΓÇ║ tests\auth\forgot-password.spec.ts:7:7 ΓÇ║ Authentication & Login ΓÇ║ Forgot password link functionality
[1A[2K[3/351] [chromium] ΓÇ║ tests\auth\login-invalid.spec.ts:7:7 ΓÇ║ Authentication & Login ΓÇ║ Login with invalid credentials
[1A[2K[4/351] [chromium] ΓÇ║ tests\auth\login-success.spec.ts:7:7 ΓÇ║ Authentication & Login ΓÇ║ Successful login with valid credentials
[1A[2K[5/351] [chromium] ΓÇ║ tests\customers\search-customer.spec.ts:7:7 ΓÇ║ Customers Management ΓÇ║ Search for a specific customer
[1A[2K[6/351] [chromium] ΓÇ║ tests\customers\sort-customers.spec.ts:7:7 ΓÇ║ Customers Management ΓÇ║ Sort customers by different columns
[1A[2K[7/351] [chromium] ΓÇ║ tests\customers\view-customer-details.spec.ts:7:7 ΓÇ║ Customers Management ΓÇ║ Click on a customer to view details
[1A[2K  1) [chromium] ΓÇ║ tests\customers\sort-customers.spec.ts:7:7 ΓÇ║ Customers Management ΓÇ║ Sort customers by different columns 

    Error: [2mexpect([22m[31mlocator[39m[2m).[22mtoBeVisible[2m([22m[2m)[22m failed

    Locator: getByRole('columnheader', { name: 'Name' })
    Expected: visible
    Error: strict mode violation: getByRole('columnheader', { name: 'Name' }) resolved to 4 elements:
        1) <th>Name</th> aka getByRole('columnheader', { name: 'Name', exact: true })
        2) <th>Company Name</th> aka getByRole('columnheader', { name: 'Company Name' })
        3) <th class="cursor width2" ng-click="sortBy('customerName')" ng-class="(shortName == 'Moveauto') ? 'width1' : 'width2'">ΓÇª</th> aka getByRole('columnheader', { name: 'Customer Name' })
        4) <th class="cursor ng-scope width2" ng-click="sortBy('accountName')" ng-class="(shortName == 'Moveauto') ? 'width1' : 'width2'" ng-if="accountList.length > 0 && $root.CheckPermission(checktype.ispermission,permissionlocation.Settings,privilegename.AccountManagement) && $root.clientPermissionOrder('Account Management')">ΓÇª</th> aka getByRole('columnheader', { name: 'Account Name' })

    Call log:
    [2m  - Expect "toBeVisible" with timeout 5000ms[22m
    [2m  - waiting for getByRole('columnheader', { name: 'Name' })[22m


      22 |     // Click on the 'Name' column header to sort
      23 |     const nameHeader = page.getByRole('columnheader', { name: 'Name' });
    > 24 |     await expect(nameHeader).toBeVisible();
         |                              ^
      25 |     await nameHeader.click();
      26 |     await new Promise(f => setTimeout(f, 1 * 1000));
      27 |
        at C:\Playwright QA\tests\customers\sort-customers.spec.ts:24:30

    Error Context: test-results\customers-sort-customers-C-89f4d-tomers-by-different-columns-chromium\error-context.md


[1A[2K[8/351] [chromium] ΓÇ║ tests\customers\view-customers.spec.ts:7:7 ΓÇ║ Customers Management ΓÇ║ View all customers
[1A[2K[9/351] [chromium] ΓÇ║ tests\documents\filter-documents-by-type.spec.ts:7:7 ΓÇ║ Documents Management ΓÇ║ Filter documents by type
[1A[2K  2) [chromium] ΓÇ║ tests\customers\view-customers.spec.ts:7:7 ΓÇ║ Customers Management ΓÇ║ View all customers 

    Error: [2mexpect([22m[31mlocator[39m[2m).[22mtoBeVisible[2m([22m[2m)[22m failed

    Locator: getByRole('columnheader', { name: 'Name' })
    Expected: visible
    Error: strict mode violation: getByRole('columnheader', { name: 'Name' }) resolved to 4 elements:
        1) <th>Name</th> aka getByRole('columnheader', { name: 'Name', exact: true })
        2) <th>Company Name</th> aka getByRole('columnheader', { name: 'Company Name' })
        3) <th class="cursor width2" ng-click="sortBy('customerName')" ng-class="(shortName == 'Moveauto') ? 'width1' : 'width2'">ΓÇª</th> aka getByRole('columnheader', { name: 'Customer Name' })
        4) <th class="cursor ng-scope width2" ng-click="sortBy('accountName')" ng-class="(shortName == 'Moveauto') ? 'width1' : 'width2'" ng-if="accountList.length > 0 && $root.CheckPermission(checktype.ispermission,permissionlocation.Settings,privilegename.AccountManagement) && $root.clientPermissionOrder('Account Management')">ΓÇª</th> aka getByRole('columnheader', { name: 'Account Name' })

    Call log:
    [2m  - Expect "toBeVisible" with timeout 5000ms[22m
    [2m  - waiting for getByRole('columnheader', { name: 'Name' })[22m


      27 |     // Verify customer table columns are present
      28 |     await expect(page.getByRole('columnheader', { name: /Customer #/ })).toBeVisible();
    > 29 |     await expect(page.getByRole('columnheader', { name: 'Name' })).toBeVisible();
         |                                                                    ^
      30 |     await expect(page.getByRole('columnheader', { name: 'Email Address' })).toBeVisible();
      31 |     await expect(page.getByRole('columnheader', { name: /Phone #/ })).toBeVisible();
      32 |     await expect(page.getByRole('columnheader', { name: 'Type' })).toBeVisible();
        at C:\Playwright QA\tests\customers\view-customers.spec.ts:29:68

    Error Context: test-results\customers-view-customers-C-6e430-nagement-View-all-customers-chromium\error-context.md


[1A[2K[10/351] [chromium] ΓÇ║ tests\documents\search-document.spec.ts:7:7 ΓÇ║ Documents Management ΓÇ║ Search for a specific document
[1A[2K[11/351] [chromium] ΓÇ║ tests\documents\select-download-documents.spec.ts:7:7 ΓÇ║ Documents Management ΓÇ║ Select and download multiple documents
[1A[2K[12/351] [chromium] ΓÇ║ tests\documents\sort-documents.spec.ts:7:7 ΓÇ║ Documents Management ΓÇ║ Sort documents by column
[1A[2K[13/351] [chromium] ΓÇ║ tests\documents\view-documents.spec.ts:7:7 ΓÇ║ Documents Management ΓÇ║ View all documents
